src/modules/process-analysis/store/processStore.ts(3,25): error TS6133: 'mockChemicals' is declared but its value is never read.
src/modules/process-analysis/views/index.ts(1,10): error TS2305: Module '"./ProcessAnalysisView"' has no exported member 'default'.
src/router/routes.tsx(12,36): error TS2322: Type 'Promise<typeof import("C:/Users/LUIS ANGEL/Desktop/Green/green-pro/src/modules/process-analysis/views/ProcessAnalysisView")>' is not assignable to type 'Promise<{ default: ComponentType<any>; }>'.
  Property 'default' is missing in type 'typeof import("C:/Users/LUIS ANGEL/Desktop/Green/green-pro/src/modules/process-analysis/views/ProcessAnalysisView")' but required in type '{ default: ComponentType<any>; }'.
